
# HOW TO CREATE LVM in Linux RHEL LVM

1. Module requirements :

module install: yum install lvm2, lvm-libs, devmapper

2. create physical volume with all the devices mapped to the RHEL host (if we want to add devices later we can use pvchange  or pvresize)
pvcreate `for i in \`multipath -l | grep ^mpath | cut -d ' ' -f 1 | xargs \`; do echo /dev/mapper/$i; done | xargs`

3. crate a volume group for the same pv (if we want to extend later we can use lvextend)
vgcreate First_VG `for i in \`multipath -l | grep ^mpath | cut -d ' ' -f 1 | xargs \`; do echo /dev/mapper/$i; done | xargs`
vgdisplay
vgextend First_VG dev_path_name (If you want to extend the size)  --- vgextend share /dev/mapper/mpathxxx

4. now we have a volume group from where we can carve out one LVM
lvcreate --size 2TB --name FistLV First_VG
lvdisplay -a
5. you can find the LVM in fdisk -l
fdisk -l | grep -i First (fdisk -l shows up all the lvms created)

6. partition and mount so that we can use for backup/restore.

Now we can partition (whatever we want ext4 or xfs depending on requirement and mount) then use for file 
mkfs.ext4 /dev/mapper/First_VG-FistLV (did ext4 because we may want to do more than 2TB volume)
mount -t ext4 /dev/mapper/First_VG-FistLV poc_dir/
df -kh poc_dir/

run IO to simulate backup or restore (fio here)

fio  --name=pio_bs4k_write --rw=write --bs=32k --ramp_time=30 --runtime==600 --overwrite=0 --ioengine=libaio --iodepth=256 --direct=1 --time_based --refill_buffers --numjobs=5 --group_reporting --directory=poc_dir --filename_format=testfiles --size=1000G
du -sh poc_dir/



few command outputs below:



pvcreate `for i in \`multipath -l | grep ^mpath | cut -d ' ' -f 1 | xargs \`; do echo /dev/mapper/$i; done | xargs`
pvdisplay


[root@r3a9u6-1 ~]# pvcreate `for i in \`multipath -l | grep ^mpath | cut -d ' ' -f 1 | xargs \`; do echo /dev/mapper/$i; done | xargs`
  Physical volume "/dev/mapper/mpathcfh" successfully created
  Physical volume "/dev/mapper/mpathcfg" successfully created
  Physical volume "/dev/mapper/mpathcff" successfully created
  Physical volume "/dev/mapper/mpathcez" successfully created
  Physical volume "/dev/mapper/mpathcfe" successfully created
  Physical volume "/dev/mapper/mpathcey" successfully created
  Physical volume "/dev/mapper/mpathcfd" successfully created
  Physical volume "/dev/mapper/mpathcfc" successfully created
  Physical volume "/dev/mapper/mpathcfb" successfully created
  Physical volume "/dev/mapper/mpathcfn" successfully created
  Physical volume "/dev/mapper/mpathcfa" successfully created
  Physical volume "/dev/mapper/mpathcfz" successfully created
  Physical volume "/dev/mapper/mpathcfm" successfully created
  Physical volume "/dev/mapper/mpathcfy" successfully created
  Physical volume "/dev/mapper/mpathcfl" successfully created
  Physical volume "/dev/mapper/mpathcgd" successfully created
  Physical volume "/dev/mapper/mpathcfx" successfully created
  Physical volume "/dev/mapper/mpathcfk" successfully created
  Physical volume "/dev/mapper/mpathcgc" successfully created
  Physical volume "/dev/mapper/mpathcfw" successfully created
  Physical volume "/dev/mapper/mpathcfj" successfully created
  Physical volume "/dev/mapper/mpathcgb" successfully created
  Physical volume "/dev/mapper/mpathcfi" successfully created
  Physical volume "/dev/mapper/mpathcga" successfully created
[root@r3a9u6-1 ~]# 

pvdisplay `for i in \`multipath -l | grep ^mpath | cut -d ' ' -f 1 | xargs \`; do echo /dev/mapper/$i; done | xargs`

...


   
  "/dev/mapper/mpathcgb" is a new physical volume of "47.16 GiB"
  --- NEW Physical volume ---
  PV Name               /dev/mapper/mpathcgb
  VG Name               
  PV Size               47.16 GiB
  Allocatable           NO
  PE Size               0   
  Total PE              0
  Free PE               0
  Allocated PE          0
  PV UUID               3XeTXh-vXIs-I0XC-deM0-MsTh-kJm1-anfoLK
   
  "/dev/mapper/mpathcfi" is a new physical volume of "12.41 GiB"
  --- NEW Physical volume ---
  PV Name               /dev/mapper/mpathcfi
  VG Name               
  PV Size               12.41 GiB
  Allocatable           NO
  PE Size               0   
  Total PE              0
  Free PE               0
  Allocated PE          0
  PV UUID               wxb5Se-4KpR-t9y1-sEo0-kaza-ooIc-D8OWlN
   
  "/dev/mapper/mpathcga" is a new physical volume of "47.16 GiB"
  --- NEW Physical volume ---
  PV Name               /dev/mapper/mpathcga
  VG Name               
  PV Size               47.16 GiB
  Allocatable           NO
  PE Size               0   
  Total PE              0
  Free PE               0
  Allocated PE          0
  PV UUID               WzAWR4-WZ9I-Asic-hB1n-2rKJ-06cl-vAxyBs
   
[root@r3a9u6-1 ~]#



[root@r3a9u6-1 ~]# vgcreate First_VG `for i in \`multipath -l | grep ^mpath | cut -d ' ' -f 1 | xargs \`; do echo /dev/mapper/$i; done | xargs`
  Volume group "First_VG" successfully created
[root@r3a9u6-1 ~]# vgdisplay 
  --- Volume group ---
  VG Name               First_VG
  System ID             
  Format                lvm2
  Metadata Areas        24
  Metadata Sequence No  1
  VG Access             read/write
  VG Status             resizable
  MAX LV                0
  Cur LV                0
  Open LV               0
  Max PV                0
  Cur PV                24
  Act PV                24
  VG Size               6.28 TiB
  PE Size               4.00 MiB
  Total PE              1646984
  Alloc PE / Size       0 / 0   
  Free  PE / Size       1646984 / 6.28 TiB
  VG UUID               6qig6w-F5yC-r4n8-h63F-lgwR-kQnn-IfhpsX
   
[root@r3a9u6-1 ~]# 


[root@r3a9u6-1 ~]# vgdisplay 
  --- Volume group ---
  VG Name               First_VG
  System ID             
  Format                lvm2
  Metadata Areas        24
  Metadata Sequence No  1
  VG Access             read/write
  VG Status             resizable
  MAX LV                0
  Cur LV                0
  Open LV               0
  Max PV                0
  Cur PV                24
  Act PV                24
  VG Size               6.28 TiB
  PE Size               4.00 MiB
  Total PE              1646984
  Alloc PE / Size       0 / 0   
  Free  PE / Size       1646984 / 6.28 TiB
  VG UUID               6qig6w-F5yC-r4n8-h63F-lgwR-kQnn-IfhpsX
   
[root@r3a9u6-1 ~]# 



[root@r3a9u6-1 ~]# pvscan 
  PV /dev/mapper/mpathcfh   VG First_VG   lvm2 [12.41 GiB / 12.41 GiB free]
  PV /dev/mapper/mpathcfg   VG First_VG   lvm2 [12.41 GiB / 12.41 GiB free]
  PV /dev/mapper/mpathcff   VG First_VG   lvm2 [744.63 GiB / 744.63 GiB free]
  PV /dev/mapper/mpathcez   VG First_VG   lvm2 [744.63 GiB / 744.63 GiB free]
  PV /dev/mapper/mpathcfe   VG First_VG   lvm2 [744.63 GiB / 744.63 GiB free]
  PV /dev/mapper/mpathcey   VG First_VG   lvm2 [744.63 GiB / 744.63 GiB free]
  PV /dev/mapper/mpathcfd   VG First_VG   lvm2 [744.63 GiB / 744.63 GiB free]
  PV /dev/mapper/mpathcfc   VG First_VG   lvm2 [744.63 GiB / 744.63 GiB free]
  PV /dev/mapper/mpathcfb   VG First_VG   lvm2 [744.63 GiB / 744.63 GiB free]
  PV /dev/mapper/mpathcfn   VG First_VG   lvm2 [12.41 GiB / 12.41 GiB free]
  PV /dev/mapper/mpathcfa   VG First_VG   lvm2 [744.63 GiB / 744.63 GiB free]
  PV /dev/mapper/mpathcfz   VG First_VG   lvm2 [47.16 GiB / 47.16 GiB free]
  PV /dev/mapper/mpathcfm   VG First_VG   lvm2 [12.41 GiB / 12.41 GiB free]
  PV /dev/mapper/mpathcfy   VG First_VG   lvm2 [47.16 GiB / 47.16 GiB free]
  PV /dev/mapper/mpathcfl   VG First_VG   lvm2 [12.41 GiB / 12.41 GiB free]
  PV /dev/mapper/mpathcgd   VG First_VG   lvm2 [47.16 GiB / 47.16 GiB free]
  PV /dev/mapper/mpathcfx   VG First_VG   lvm2 [47.16 GiB / 47.16 GiB free]
  PV /dev/mapper/mpathcfk   VG First_VG   lvm2 [12.41 GiB / 12.41 GiB free]
  PV /dev/mapper/mpathcgc   VG First_VG   lvm2 [47.16 GiB / 47.16 GiB free]
  PV /dev/mapper/mpathcfw   VG First_VG   lvm2 [47.16 GiB / 47.16 GiB free]
  PV /dev/mapper/mpathcfj   VG First_VG   lvm2 [12.41 GiB / 12.41 GiB free]
  PV /dev/mapper/mpathcgb   VG First_VG   lvm2 [47.16 GiB / 47.16 GiB free]
  PV /dev/mapper/mpathcfi   VG First_VG   lvm2 [12.41 GiB / 12.41 GiB free]
  PV /dev/mapper/mpathcga   VG First_VG   lvm2 [47.16 GiB / 47.16 GiB free]
  Total: 24 [6.28 TiB] / in use: 24 [6.28 TiB] / in no VG: 0 [0   ]
[root@r3a9u6-1 ~]# 


[root@r3a9u6-1 ~]# vgscan 
  Reading all physical volumes.  This may take a while...
  Found volume group "First_VG" using metadata type lvm2
[root@r3a9u6-1 ~]# 


root@r3a9u6-1 ~]# lvcreate --size 2TB --name FistLV First_VG
  Logical volume "FistLV" created
[root@r3a9u6-1 ~]#


[root@r3a9u6-1 ~]# lvdisplay 
  --- Logical volume ---
  LV Path                /dev/First_VG/FistLV
  LV Name                FistLV
  VG Name                First_VG
  LV UUID                j4lCHY-jKnT-nmIG-OuBP-X4gi-RV77-5bvuTf
  LV Write Access        read/write
  LV Creation host, time r3a9u6-1, 2019-01-21 04:36:12 -0800
  LV Status              available
  # open                 0
  LV Size                2.00 TiB
  Current LE             524288
  Segments               3
  Allocation             inherit
  Read ahead sectors     auto
  - currently set to     256
  Block device           253:24
   
[root@r3a9u6-1 ~]# lvscan 
  ACTIVE            '/dev/First_VG/FistLV' [2.00 TiB] inherit
[root@r3a9u6-1 ~]# 


[root@r3a9u6-1 ~]# lvdisplay -a
  --- Logical volume ---
  LV Path                /dev/First_VG/FistLV
  LV Name                FistLV
  VG Name                First_VG
  LV UUID                j4lCHY-jKnT-nmIG-OuBP-X4gi-RV77-5bvuTf
  LV Write Access        read/write
  LV Creation host, time r3a9u6-1, 2019-01-21 04:36:12 -0800
  LV Status              available
  # open                 0
  LV Size                2.00 TiB
  Current LE             524288
  Segments               3
  Allocation             inherit
  Read ahead sectors     auto
  - currently set to     256
  Block device           253:24
   
[root@r3a9u6-1 ~]# 


[root@r3a9u6-1 ~]# fdisk -l | grep -i First
Disk /dev/mapper/First_VG-FistLV: 2199.0 GB, 2199023255552 bytes, 4294967296 sectors
[root@r3a9u6-1 ~]# 



[root@r3a9u6-1 ~]# mkfs.ext4 /dev/mapper/First_VG-FistLV 
mke2fs 1.42.9 (28-Dec-2013)
Discarding device blocks: done                            
Filesystem label=
OS type: Linux
Block size=4096 (log=2)
Fragment size=4096 (log=2)
Stride=2 blocks, Stripe width=2 blocks
134217728 inodes, 536870912 blocks
26843545 blocks (5.00%) reserved for the super user
First data block=0
Maximum filesystem blocks=2684354560
16384 block groups
32768 blocks per group, 32768 fragments per group
8192 inodes per group
Superblock backups stored on blocks: 
        32768, 98304, 163840, 229376, 294912, 819200, 884736, 1605632, 2654208, 
        4096000, 7962624, 11239424, 20480000, 23887872, 71663616, 78675968, 
        102400000, 214990848, 512000000

Allocating group tables: done                            
Writing inode tables: done                            
Creating journal (32768 blocks): done
Writing superblocks and filesystem accounting information: done       

[root@r3a9u6-1 ~]# 



[root@r3a9u6-1 ~]# mount -t ext4 /dev/mapper/First_VG-FistLV poc_dir/
[root@r3a9u6-1 ~]# du -sh poc_dir/
20K     poc_dir/
[root@r3a9u6-1 ~]# df -kh poc_dir/
Filesystem                   Size  Used Avail Use% Mounted on
/dev/mapper/First_VG-FistLV  2.0T   81M  1.9T   1% /root/poc_dir
[root@r3a9u6-1 ~]# 

[root@r3a9u6-1 ~]# du -sh poc_dir/
1001G   poc_dir/
[root@r3a9u6-1 ~]# 

